Welcome to the Online Auction Sales Service!

Please enter login to Login.
login - Login

***LOGIN***
Enter Username: 
Enter Password: 
Welcome Full-Standard User: testFSUser!

***MENU***
logout - Logout
advertise - Put up item for Auction
bid - Make a bid on an available item
addcredit - Add Credit
accounts - Display all active accounts
listitems - List Items Up For Auction

***ADVERTISE***
Enter Item Name: Enter minimumBid: Item price is greater than 999.99. Please try again
Enter minimumBid: Enter Number of Days until auction ends: 
Item has been successfully put up for a bid!

NOTE: You've reached your session transaction limit. Please enter logout to log out and log back in to continue.

***MENU***
logout - Logout
advertise - Put up item for Auction
bid - Make a bid on an available item
addcredit - Add Credit
accounts - Display all active accounts
listitems - List Items Up For Auction

You have successfully logged out.
