Welcome to the Online Auction Sales Service!

Please enter login to Login.
login - Login

***LOGIN***
Enter Username: 
Enter Password: 
Welcome Admin User: testAAUser!

***MENU***
logout - Logout
delete - Delete User Account
create - Create New Account
advertise - Put up item for Auction
bid - Make a bid on an available item
refund - Issue a refund
addcredit - Add Credit
accounts - Display all active accounts
listitems - List Items Up For Auction

***CREATE NEW USER***
Enter Username: Username entered: newUser
Enter Type of User: Enter new password: 

You have successfully created a new User: newUser!

NOTE: You've reached your session transaction limit. Please enter logout to log out and log back in to continue.

***MENU***
logout - Logout
delete - Delete User Account
create - Create New Account
advertise - Put up item for Auction
bid - Make a bid on an available item
refund - Issue a refund
addcredit - Add Credit
accounts - Display all active accounts
listitems - List Items Up For Auction

You have successfully logged out.
